C:\JSE_CSharp_Projects\JSE_Parameter_Service\Services\ErrorHandling\FailSafeErrorPolicy.cs(23,33): error CS0103: The name 'LoggerAdapter' does not exist in the current context [c:\JSE_CSharp_Projects\JSE_Parameter_Service\JSE_Parameter_Service.csproj]
C:\JSE_CSharp_Projects\JSE_Parameter_Service\Services\DebugLogger.cs(74,16): error CS0103: The name 'LoggingConfiguration' does not exist in the current context [c:\JSE_CSharp_Projects\JSE_Parameter_Service\JSE_Parameter_Service.csproj]
C:\JSE_CSharp_Projects\JSE_Parameter_Service\Services\ErrorHandling\FailSafeErrorPolicy.cs(35,17): error CS0117: 'ErrorHandlingResult' does not contain a definition for 'Exception' [c:\JSE_CSharp_Projects\JSE_Parameter_Service\JSE_Parameter_Service.csproj]
C:\JSE_CSharp_Projects\JSE_Parameter_Service\Services\ErrorHandling\FailSafeErrorPolicy.cs(36,17): error CS0117: 'ErrorHandlingResult' does not contain a definition for 'Scope' [c:\JSE_CSharp_Projects\JSE_Parameter_Service\JSE_Parameter_Service.csproj]
C:\JSE_CSharp_Projects\JSE_Parameter_Service\Services\ErrorHandling\FailSafeErrorPolicy.cs(37,17): error CS0117: 'ErrorHandlingResult' does not contain a definition for 'Context' [c:\JSE_CSharp_Projects\JSE_Parameter_Service\JSE_Parameter_Service.csproj]
C:\JSE_CSharp_Projects\JSE_Parameter_Service\Services\ErrorHandling\FailSafeErrorPolicy.cs(38,17): error CS0117: 'ErrorHandlingResult' does not contain a definition for 'ShouldContinue' [c:\JSE_CSharp_Projects\JSE_Parameter_Service\JSE_Parameter_Service.csproj]
C:\JSE_CSharp_Projects\JSE_Parameter_Service\Services\ErrorHandling\FailSafeErrorPolicy.cs(39,17): error CS0117: 'ErrorHandlingResult' does not contain a definition for 'LogLevel' [c:\JSE_CSharp_Projects\JSE_Parameter_Service\JSE_Parameter_Service.csproj]
C:\JSE_CSharp_Projects\JSE_Parameter_Service\Services\ErrorHandling\FailSafeErrorPolicy.cs(40,17): error CS0117: 'ErrorHandlingResult' does not contain a definition for 'Message' [c:\JSE_CSharp_Projects\JSE_Parameter_Service\JSE_Parameter_Service.csproj]
C:\JSE_CSharp_Projects\JSE_Parameter_Service\Services\ErrorHandling\FailSafeErrorPolicy.cs(46,32): error CS1061: 'ErrorHandlingResult' does not contain a definition for 'LogLevel' and no accessible extension method 'LogLevel' accepting a first argument of type 'ErrorHandlingResult' could be found (are you missing a using directive or an assembly reference?) [c:\JSE_CSharp_Projects\JSE_Parameter_Service\JSE_Parameter_Service.csproj]
C:\JSE_CSharp_Projects\JSE_Parameter_Service\Services\ErrorHandling\FailSafeErrorPolicy.cs(49,46): error CS1061: 'ErrorHandlingResult' does not contain a definition for 'Message' and no accessible extension method 'Message' accepting a first argument of type 'ErrorHandlingResult' could be found (are you missing a using directive or an assembly reference?) [c:\JSE_CSharp_Projects\JSE_Parameter_Service\JSE_Parameter_Service.csproj]
C:\JSE_CSharp_Projects\JSE_Parameter_Service\Services\ErrorHandling\FailSafeErrorPolicy.cs(49,33): error CS1061: 'ILogger' does not contain a definition for 'Error' and no accessible extension method 'Error' accepting a first argument of type 'ILogger' could be found (are you missing a using directive or an assembly reference?) [c:\JSE_CSharp_Projects\JSE_Parameter_Service\JSE_Parameter_Service.csproj]
C:\JSE_CSharp_Projects\JSE_Parameter_Service\Services\ErrorHandling\FailSafeErrorPolicy.cs(52,48): error CS1061: 'ErrorHandlingResult' does not contain a definition for 'Message' and no accessible extension method 'Message' accepting a first argument of type 'ErrorHandlingResult' could be found (are you missing a using directive or an assembly reference?) [c:\JSE_CSharp_Projects\JSE_Parameter_Service\JSE_Parameter_Service.csproj]
C:\JSE_CSharp_Projects\JSE_Parameter_Service\Services\ErrorHandling\FailSafeErrorPolicy.cs(52,33): error CS1061: 'ILogger' does not contain a definition for 'Warning' and no accessible extension method 'Warning' accepting a first argument of type 'ILogger' could be found (are you missing a using directive or an assembly reference?) [c:\JSE_CSharp_Projects\JSE_Parameter_Service\JSE_Parameter_Service.csproj]
C:\JSE_CSharp_Projects\JSE_Parameter_Service\Services\ErrorHandling\FailSafeErrorPolicy.cs(55,45): error CS1061: 'ErrorHandlingResult' does not contain a definition for 'Message' and no accessible extension method 'Message' accepting a first argument of type 'ErrorHandlingResult' could be found (are you missing a using directive or an assembly reference?) [c:\JSE_CSharp_Projects\JSE_Parameter_Service\JSE_Parameter_Service.csproj]
C:\JSE_CSharp_Projects\JSE_Parameter_Service\Services\ErrorHandling\FailSafeErrorPolicy.cs(55,33): error CS1061: 'ILogger' does not contain a definition for 'Info' and no accessible extension method 'Info' accepting a first argument of type 'ILogger' could be found (are you missing a using directive or an assembly reference?) [c:\JSE_CSharp_Projects\JSE_Parameter_Service\JSE_Parameter_Service.csproj]
C:\JSE_CSharp_Projects\JSE_Parameter_Service\Services\ErrorHandling\FailSafeErrorPolicy.cs(58,46): error CS1061: 'ErrorHandlingResult' does not contain a definition for 'Message' and no accessible extension method 'Message' accepting a first argument of type 'ErrorHandlingResult' could be found (are you missing a using directive or an assembly reference?) [c:\JSE_CSharp_Projects\JSE_Parameter_Service\JSE_Parameter_Service.csproj]
C:\JSE_CSharp_Projects\JSE_Parameter_Service\Services\ErrorHandling\FailSafeErrorPolicy.cs(58,33): error CS1061: 'ILogger' does not contain a definition for 'Debug' and no accessible extension method 'Debug' accepting a first argument of type 'ILogger' could be found (are you missing a using directive or an assembly reference?) [c:\JSE_CSharp_Projects\JSE_Parameter_Service\JSE_Parameter_Service.csproj]
C:\JSE_CSharp_Projects\JSE_Parameter_Service\Views\ParameterTransferDialog.cs(85,56): error CS1503: Argument 1: cannot convert from 'Autodesk.Revit.DB.Document' to 'Autodesk.Revit.DB.Element' [c:\JSE_CSharp_Projects\JSE_Parameter_Service\JSE_Parameter_Service.csproj]
C:\JSE_CSharp_Projects\JSE_Parameter_Service\Views\ParameterTransferDialog.cs(92,24): error CS1929: 'Dictionary<string, object>' does not contain a definition for 'Union' and the best extension method overload 'Queryable.Union<string>(IQueryable<string>, IEnumerable<string>)' requires a receiver of type 'System.Linq.IQueryable<string>' [c:\JSE_CSharp_Projects\JSE_Parameter_Service\JSE_Parameter_Service.csproj]
C:\JSE_CSharp_Projects\JSE_Parameter_Service\Views\ParameterTransferDialog.cs(96,20): error CS0029: Cannot implicitly convert type 'System.Collections.Generic.Dictionary<string, object>' to 'System.Collections.Generic.List<string>' [c:\JSE_CSharp_Projects\JSE_Parameter_Service\JSE_Parameter_Service.csproj]
C:\JSE_CSharp_Projects\JSE_Parameter_Service\Services\Helpers\WallFaceHelper.cs(50,25): error CS0103: The name 'Math' does not exist in the current context [c:\JSE_CSharp_Projects\JSE_Parameter_Service\JSE_Parameter_Service.csproj]
C:\JSE_CSharp_Projects\JSE_Parameter_Service\Services\ErrorHandling\FailSafeErrorPolicy.cs(76,17): error CS0117: 'ErrorSummary' does not contain a definition for 'TotalErrors' [c:\JSE_CSharp_Projects\JSE_Parameter_Service\JSE_Parameter_Service.csproj]
C:\JSE_CSharp_Projects\JSE_Parameter_Service\Services\ErrorHandling\FailSafeErrorPolicy.cs(77,17): error CS0117: 'ErrorSummary' does not contain a definition for 'CriticalErrors' [c:\JSE_CSharp_Projects\JSE_Parameter_Service\JSE_Parameter_Service.csproj]
C:\JSE_CSharp_Projects\JSE_Parameter_Service\Services\ErrorHandling\FailSafeErrorPolicy.cs(77,58): error CS1061: 'ErrorHandlingResult' does not contain a definition for 'ShouldContinue' and no accessible extension method 'ShouldContinue' accepting a first argument of type 'ErrorHandlingResult' could be found (are you missing a using directive or an assembly reference?) [c:\JSE_CSharp_Projects\JSE_Parameter_Service\JSE_Parameter_Service.csproj]
C:\JSE_CSharp_Projects\JSE_Parameter_Service\Services\ErrorHandling\FailSafeErrorPolicy.cs(78,17): error CS0117: 'ErrorSummary' does not contain a definition for 'Warnings' [c:\JSE_CSharp_Projects\JSE_Parameter_Service\JSE_Parameter_Service.csproj]
C:\JSE_CSharp_Projects\JSE_Parameter_Service\Services\ErrorHandling\FailSafeErrorPolicy.cs(78,51): error CS1061: 'ErrorHandlingResult' does not contain a definition for 'LogLevel' and no accessible extension method 'LogLevel' accepting a first argument of type 'ErrorHandlingResult' could be found (are you missing a using directive or an assembly reference?) [c:\JSE_CSharp_Projects\JSE_Parameter_Service\JSE_Parameter_Service.csproj]
C:\JSE_CSharp_Projects\JSE_Parameter_Service\Services\ErrorHandling\FailSafeErrorPolicy.cs(79,17): error CS0117: 'ErrorSummary' does not contain a definition for 'ErrorMessages' [c:\JSE_CSharp_Projects\JSE_Parameter_Service\JSE_Parameter_Service.csproj]
C:\JSE_CSharp_Projects\JSE_Parameter_Service\Services\ErrorHandling\FailSafeErrorPolicy.cs(79,57): error CS1061: 'ErrorHandlingResult' does not contain a definition for 'Message' and no accessible extension method 'Message' accepting a first argument of type 'ErrorHandlingResult' could be found (are you missing a using directive or an assembly reference?) [c:\JSE_CSharp_Projects\JSE_Parameter_Service\JSE_Parameter_Service.csproj]
C:\JSE_CSharp_Projects\JSE_Parameter_Service\Services\ErrorHandling\FailSafeErrorPolicy.cs(80,17): error CS0117: 'ErrorSummary' does not contain a definition for 'ShouldAbort' [c:\JSE_CSharp_Projects\JSE_Parameter_Service\JSE_Parameter_Service.csproj]
C:\JSE_CSharp_Projects\JSE_Parameter_Service\Services\ErrorHandling\FailSafeErrorPolicy.cs(80,53): error CS1061: 'ErrorHandlingResult' does not contain a definition for 'ShouldContinue' and no accessible extension method 'ShouldContinue' accepting a first argument of type 'ErrorHandlingResult' could be found (are you missing a using directive or an assembly reference?) [c:\JSE_CSharp_Projects\JSE_Parameter_Service\JSE_Parameter_Service.csproj]
C:\JSE_CSharp_Projects\JSE_Parameter_Service\Services\Parameters\Configuration\MarkPrefixSettings.cs(165,13): error CS0103: The name 'NumberingDebugLogger' does not exist in the current context [c:\JSE_CSharp_Projects\JSE_Parameter_Service\JSE_Parameter_Service.csproj]
C:\JSE_CSharp_Projects\JSE_Parameter_Service\Services\Parameters\Configuration\MarkPrefixSettings.cs(175,21): error CS0103: The name 'NumberingDebugLogger' does not exist in the current context [c:\JSE_CSharp_Projects\JSE_Parameter_Service\JSE_Parameter_Service.csproj]
C:\JSE_CSharp_Projects\JSE_Parameter_Service\Services\Parameters\Configuration\MarkPrefixSettings.cs(188,21): error CS0103: The name 'NumberingDebugLogger' does not exist in the current context [c:\JSE_CSharp_Projects\JSE_Parameter_Service\JSE_Parameter_Service.csproj]
C:\JSE_CSharp_Projects\JSE_Parameter_Service\Services\Parameters\Configuration\MarkPrefixSettings.cs(201,21): error CS0103: The name 'NumberingDebugLogger' does not exist in the current context [c:\JSE_CSharp_Projects\JSE_Parameter_Service\JSE_Parameter_Service.csproj]
C:\JSE_CSharp_Projects\JSE_Parameter_Service\Services\Parameters\Configuration\MarkPrefixSettings.cs(214,21): error CS0103: The name 'NumberingDebugLogger' does not exist in the current context [c:\JSE_CSharp_Projects\JSE_Parameter_Service\JSE_Parameter_Service.csproj]
C:\JSE_CSharp_Projects\JSE_Parameter_Service\Services\Parameters\Configuration\MarkPrefixSettings.cs(221,13): error CS0103: The name 'NumberingDebugLogger' does not exist in the current context [c:\JSE_CSharp_Projects\JSE_Parameter_Service\JSE_Parameter_Service.csproj]
C:\JSE_CSharp_Projects\JSE_Parameter_Service\Commands\MarkParameterCommand.cs(92,94): error CS0117: 'NumberingDebugLogger' does not contain a definition for 'LogInfo' [c:\JSE_CSharp_Projects\JSE_Parameter_Service\JSE_Parameter_Service.csproj]
C:\JSE_CSharp_Projects\JSE_Parameter_Service\Commands\MarkParameterCommand.cs(151,94): error CS0117: 'NumberingDebugLogger' does not contain a definition for 'LogInfo' [c:\JSE_CSharp_Projects\JSE_Parameter_Service\JSE_Parameter_Service.csproj]
C:\JSE_CSharp_Projects\JSE_Parameter_Service\Services\SessionContextService.cs(86,35): error CS0234: The type or namespace name 'Helpers' does not exist in the namespace 'JSE_RevitAddin_MEP_OPENINGS' (are you missing an assembly reference?) [c:\JSE_CSharp_Projects\JSE_Parameter_Service\JSE_Parameter_Service.csproj]
C:\JSE_CSharp_Projects\JSE_Parameter_Service\Data\Repositories\FilterRepository.cs(33,26): error CS0103: The name 'FilterNameHelper' does not exist in the current context [c:\JSE_CSharp_Projects\JSE_Parameter_Service\JSE_Parameter_Service.csproj]
C:\JSE_CSharp_Projects\JSE_Parameter_Service\Views\ParameterTransferDialog.cs(772,79): error CS1061: 'string' does not contain a definition for 'Name' and no accessible extension method 'Name' accepting a first argument of type 'string' could be found (are you missing a using directive or an assembly reference?) [c:\JSE_CSharp_Projects\JSE_Parameter_Service\JSE_Parameter_Service.csproj]
C:\JSE_CSharp_Projects\JSE_Parameter_Service\Views\ParameterTransferDialog.cs(804,40): error CS0234: The type or namespace name 'MepCategory' does not exist in the namespace 'JSE_Parameter_Service.Services' (are you missing an assembly reference?) [c:\JSE_CSharp_Projects\JSE_Parameter_Service\JSE_Parameter_Service.csproj]
C:\JSE_CSharp_Projects\JSE_Parameter_Service\Views\ParameterTransferDialog.cs(808,96): error CS1503: Argument 2: cannot convert from 'System.Collections.Generic.List<JSE_Parameter_Service.Services.MepCategory>' to 'System.Collections.Generic.List<string>' [c:\JSE_CSharp_Projects\JSE_Parameter_Service\JSE_Parameter_Service.csproj]
C:\JSE_CSharp_Projects\JSE_Parameter_Service\Views\ParameterTransferDialog.cs(809,67): error CS1061: 'string' does not contain a definition for 'Name' and no accessible extension method 'Name' accepting a first argument of type 'string' could be found (are you missing a using directive or an assembly reference?) [c:\JSE_CSharp_Projects\JSE_Parameter_Service\JSE_Parameter_Service.csproj]
C:\JSE_CSharp_Projects\JSE_Parameter_Service\Data\Repositories\ClashZoneRepository.cs(562,80): error CS0234: The type or namespace name 'FlagManagement' does not exist in the namespace 'JSE_RevitAddin_MEP_OPENINGS.Services' (are you missing an assembly reference?) [c:\JSE_CSharp_Projects\JSE_Parameter_Service\JSE_Parameter_Service.csproj]
C:\JSE_CSharp_Projects\JSE_Parameter_Service\Views\ParameterServiceDialogV2.cs(1037,77): error CS1503: Argument 1: cannot convert from 'System.Collections.Generic.List<JSE_Parameter_Service.Models.LinkedFileInfo>' to 'Autodesk.Revit.DB.Document' [c:\JSE_CSharp_Projects\JSE_Parameter_Service\JSE_Parameter_Service.csproj]
C:\JSE_CSharp_Projects\JSE_Parameter_Service\Views\ParameterServiceDialogV2.cs(1050,54): error CS0234: The type or namespace name 'LinkedFileInfo' does not exist in the namespace 'JSE_Parameter_Service.Services' (are you missing an assembly reference?) [c:\JSE_CSharp_Projects\JSE_Parameter_Service\JSE_Parameter_Service.csproj]
C:\JSE_CSharp_Projects\JSE_Parameter_Service\Views\ParameterServiceDialogV2.cs(1304,29): error CS0103: The name '_parameterExtractionService' does not exist in the current context [c:\JSE_CSharp_Projects\JSE_Parameter_Service\JSE_Parameter_Service.csproj]

Build FAILED.
    397 Warning(s)
    48 Error(s)

Time Elapsed 00:00:02.92
